node : file:///C:/Users/j6bea/Desktop/Nexo/nexo-export/test-live-simple.js:6
In Zeile:1 Zeichen:1
+ node test-live-simple.js > test-results.txt 2>&1; Get-Content test-re ...
+ ~~~~~~~~~~~~~~~~~~~~~~~~~~~~~~~~~~~~~~~~~~~~~~~~
    + CategoryInfo          : NotSpecified: (file:///C:/User...ive-simple.js:6:String) [], RemoteException
    + FullyQualifiedErrorId : NativeCommandError
 
const https = require('https');
              ^

ReferenceError: require is not defined in ES module scope, you can use import instead
This file is being treated as an ES module because it has a '.js' file extension and 
'C:\Users\j6bea\Desktop\Nexo\nexo-export\package.json' contains "type": "module". To treat it as a CommonJS script, 
rename it to use the '.cjs' file extension.
    at file:///C:/Users/j6bea/Desktop/Nexo/nexo-export/test-live-simple.js:6:15
    at ModuleJob.run (node:internal/modules/esm/module_job:234:25)
    at async ModuleLoader.import (node:internal/modules/esm/loader:473:24)
    at async asyncRunEntryPointWithESMLoader (node:internal/modules/run_main:123:5)

Node.js v20.17.0
